/Users/haleyswanson/Library/Python/3.9/lib/python/site-packages/urllib3/__init__.py:35: NotOpenSSLWarning: urllib3 v2 only supports OpenSSL 1.1.1+, currently the 'ssl' module is compiled with 'LibreSSL 2.8.3'. See: https://github.com/urllib3/urllib3/issues/3020
  warnings.warn(

  You can now view your Streamlit app in your browser.

  Local URL: http://localhost:8501
  Network URL: http://192.168.1.145:8501
  External URL: http://35.149.19.99:8501

  For better performance, install the Watchdog module:

  $ xcode-select --install
  $ pip install watchdog
            
/Users/haleyswanson/Desktop/haley_code/app.py:48: FutureWarning: Passing literal json to 'read_json' is deprecated and will be removed in a future version. To read from a literal string, wrap it in a 'StringIO' object.
  return pd.read_json(payload)
2026-01-20 17:38:08.046 Uncaught app execution
Traceback (most recent call last):
  File "/Users/haleyswanson/Library/Python/3.9/lib/python/site-packages/pandas/core/indexes/base.py", line 3812, in get_loc
    return self._engine.get_loc(casted_key)
  File "pandas/_libs/index.pyx", line 167, in pandas._libs.index.IndexEngine.get_loc
  File "pandas/_libs/index.pyx", line 196, in pandas._libs.index.IndexEngine.get_loc
  File "pandas/_libs/hashtable_class_helper.pxi", line 7088, in pandas._libs.hashtable.PyObjectHashTable.get_item
  File "pandas/_libs/hashtable_class_helper.pxi", line 7096, in pandas._libs.hashtable.PyObjectHashTable.get_item
KeyError: 'acquisition_source'

The above exception was the direct cause of the following exception:

Traceback (most recent call last):
  File "/Users/haleyswanson/Library/Python/3.9/lib/python/site-packages/streamlit/runtime/scriptrunner/exec_code.py", line 128, in exec_func_with_error_handling
    result = func()
  File "/Users/haleyswanson/Library/Python/3.9/lib/python/site-packages/streamlit/runtime/scriptrunner/script_runner.py", line 669, in code_to_exec
    exec(code, module.__dict__)  # noqa: S102
  File "/Users/haleyswanson/Desktop/haley_code/app.py", line 102, in <module>
    sources = sorted(events["acquisition_source"].dropna().unique())
  File "/Users/haleyswanson/Library/Python/3.9/lib/python/site-packages/pandas/core/frame.py", line 4113, in __getitem__
    indexer = self.columns.get_loc(key)
  File "/Users/haleyswanson/Library/Python/3.9/lib/python/site-packages/pandas/core/indexes/base.py", line 3819, in get_loc
    raise KeyError(key) from err
KeyError: 'acquisition_source'
2026-01-20 17:38:16.652 Uncaught app execution
Traceback (most recent call last):
  File "/Users/haleyswanson/Library/Python/3.9/lib/python/site-packages/pandas/core/indexes/base.py", line 3812, in get_loc
    return self._engine.get_loc(casted_key)
  File "pandas/_libs/index.pyx", line 167, in pandas._libs.index.IndexEngine.get_loc
  File "pandas/_libs/index.pyx", line 196, in pandas._libs.index.IndexEngine.get_loc
  File "pandas/_libs/hashtable_class_helper.pxi", line 7088, in pandas._libs.hashtable.PyObjectHashTable.get_item
  File "pandas/_libs/hashtable_class_helper.pxi", line 7096, in pandas._libs.hashtable.PyObjectHashTable.get_item
KeyError: 'acquisition_source'

The above exception was the direct cause of the following exception:

Traceback (most recent call last):
  File "/Users/haleyswanson/Library/Python/3.9/lib/python/site-packages/streamlit/runtime/scriptrunner/exec_code.py", line 128, in exec_func_with_error_handling
    result = func()
  File "/Users/haleyswanson/Library/Python/3.9/lib/python/site-packages/streamlit/runtime/scriptrunner/script_runner.py", line 669, in code_to_exec
    exec(code, module.__dict__)  # noqa: S102
  File "/Users/haleyswanson/Desktop/haley_code/app.py", line 102, in <module>
    sources = sorted(events["acquisition_source"].dropna().unique())
  File "/Users/haleyswanson/Library/Python/3.9/lib/python/site-packages/pandas/core/frame.py", line 4113, in __getitem__
    indexer = self.columns.get_loc(key)
  File "/Users/haleyswanson/Library/Python/3.9/lib/python/site-packages/pandas/core/indexes/base.py", line 3819, in get_loc
    raise KeyError(key) from err
KeyError: 'acquisition_source'
/Users/haleyswanson/Library/Python/3.9/lib/python/site-packages/altair/utils/core.py:264: UserWarning: I don't know how to infer vegalite type from 'empty'.  Defaulting to nominal.
  warnings.warn(
/Users/haleyswanson/Desktop/haley_code/app.py:48: FutureWarning: Passing literal json to 'read_json' is deprecated and will be removed in a future version. To read from a literal string, wrap it in a 'StringIO' object.
  return pd.read_json(payload)
/Users/haleyswanson/Library/Python/3.9/lib/python/site-packages/altair/utils/core.py:264: UserWarning: I don't know how to infer vegalite type from 'empty'.  Defaulting to nominal.
  warnings.warn(
/Users/haleyswanson/Desktop/haley_code/app.py:56: FutureWarning: Passing literal json to 'read_json' is deprecated and will be removed in a future version. To read from a literal string, wrap it in a 'StringIO' object.
  return pd.read_json(payload)
2026-01-20 17:49:09.673 Uncaught app execution
Traceback (most recent call last):
  File "/Users/haleyswanson/Library/Python/3.9/lib/python/site-packages/streamlit/runtime/scriptrunner/exec_code.py", line 128, in exec_func_with_error_handling
    result = func()
  File "/Users/haleyswanson/Library/Python/3.9/lib/python/site-packages/streamlit/runtime/scriptrunner/script_runner.py", line 669, in code_to_exec
    exec(code, module.__dict__)  # noqa: S102
  File "/Users/haleyswanson/Desktop/haley_code/app.py", line 97, in <module>
    events = pd.read_csv(fallback)
NameError: name 'fallback' is not defined
2026-01-20 17:49:50.746 Uncaught app execution
Traceback (most recent call last):
  File "/Users/haleyswanson/Library/Python/3.9/lib/python/site-packages/streamlit/runtime/scriptrunner/exec_code.py", line 128, in exec_func_with_error_handling
    result = func()
  File "/Users/haleyswanson/Library/Python/3.9/lib/python/site-packages/streamlit/runtime/scriptrunner/script_runner.py", line 669, in code_to_exec
    exec(code, module.__dict__)  # noqa: S102
  File "/Users/haleyswanson/Desktop/haley_code/app.py", line 208, in <module>
    funnel["users"] = funnel["users"].astype(int)
  File "/Users/haleyswanson/Library/Python/3.9/lib/python/site-packages/pandas/core/generic.py", line 6665, in astype
    new_data = self._mgr.astype(dtype=dtype, copy=copy, errors=errors)
  File "/Users/haleyswanson/Library/Python/3.9/lib/python/site-packages/pandas/core/internals/managers.py", line 449, in astype
    return self.apply(
  File "/Users/haleyswanson/Library/Python/3.9/lib/python/site-packages/pandas/core/internals/managers.py", line 363, in apply
    applied = getattr(b, f)(**kwargs)
  File "/Users/haleyswanson/Library/Python/3.9/lib/python/site-packages/pandas/core/internals/blocks.py", line 784, in astype
    new_values = astype_array_safe(values, dtype, copy=copy, errors=errors)
  File "/Users/haleyswanson/Library/Python/3.9/lib/python/site-packages/pandas/core/dtypes/astype.py", line 237, in astype_array_safe
    new_values = astype_array(values, dtype, copy=copy)
  File "/Users/haleyswanson/Library/Python/3.9/lib/python/site-packages/pandas/core/dtypes/astype.py", line 182, in astype_array
    values = _astype_nansafe(values, dtype, copy=copy)
  File "/Users/haleyswanson/Library/Python/3.9/lib/python/site-packages/pandas/core/dtypes/astype.py", line 101, in _astype_nansafe
    return _astype_float_to_int_nansafe(arr, dtype, copy)
  File "/Users/haleyswanson/Library/Python/3.9/lib/python/site-packages/pandas/core/dtypes/astype.py", line 145, in _astype_float_to_int_nansafe
    raise IntCastingNaNError(
pandas.errors.IntCastingNaNError: Cannot convert non-finite values (NA or inf) to integer
2026-01-20 17:50:24.042 Please replace `use_container_width` with `width`.

`use_container_width` will be removed after 2025-12-31.

For `use_container_width=True`, use `width='stretch'`. For `use_container_width=False`, use `width='content'`.
/Users/haleyswanson/Library/Python/3.9/lib/python/site-packages/altair/utils/core.py:264: UserWarning: I don't know how to infer vegalite type from 'empty'.  Defaulting to nominal.
  warnings.warn(
/Users/haleyswanson/Desktop/haley_code/app.py:56: FutureWarning: Passing literal json to 'read_json' is deprecated and will be removed in a future version. To read from a literal string, wrap it in a 'StringIO' object.
  return pd.read_json(payload)
2026-01-20 18:01:08.613 Please replace `use_container_width` with `width`.

`use_container_width` will be removed after 2025-12-31.

For `use_container_width=True`, use `width='stretch'`. For `use_container_width=False`, use `width='content'`.
/Users/haleyswanson/Desktop/haley_code/app.py:56: FutureWarning: Passing literal json to 'read_json' is deprecated and will be removed in a future version. To read from a literal string, wrap it in a 'StringIO' object.
  return pd.read_json(payload)
2026-01-20 18:10:31.457 Please replace `use_container_width` with `width`.

`use_container_width` will be removed after 2025-12-31.

For `use_container_width=True`, use `width='stretch'`. For `use_container_width=False`, use `width='content'`.
2026-01-20 18:12:09.103 Please replace `use_container_width` with `width`.

`use_container_width` will be removed after 2025-12-31.

For `use_container_width=True`, use `width='stretch'`. For `use_container_width=False`, use `width='content'`.
2026-01-20 18:15:11.097 Please replace `use_container_width` with `width`.

`use_container_width` will be removed after 2025-12-31.

For `use_container_width=True`, use `width='stretch'`. For `use_container_width=False`, use `width='content'`.
2026-01-20 18:15:12.923 Please replace `use_container_width` with `width`.

`use_container_width` will be removed after 2025-12-31.

For `use_container_width=True`, use `width='stretch'`. For `use_container_width=False`, use `width='content'`.
2026-01-20 18:15:16.213 Please replace `use_container_width` with `width`.

`use_container_width` will be removed after 2025-12-31.

For `use_container_width=True`, use `width='stretch'`. For `use_container_width=False`, use `width='content'`.
/Users/haleyswanson/Desktop/haley_code/app.py:56: FutureWarning: Passing literal json to 'read_json' is deprecated and will be removed in a future version. To read from a literal string, wrap it in a 'StringIO' object.
  return pd.read_json(payload)
2026-01-20 18:16:15.554 Please replace `use_container_width` with `width`.

`use_container_width` will be removed after 2025-12-31.

For `use_container_width=True`, use `width='stretch'`. For `use_container_width=False`, use `width='content'`.
2026-01-20 18:16:32.261 Please replace `use_container_width` with `width`.

`use_container_width` will be removed after 2025-12-31.

For `use_container_width=True`, use `width='stretch'`. For `use_container_width=False`, use `width='content'`.
2026-01-20 18:16:48.307 Please replace `use_container_width` with `width`.

`use_container_width` will be removed after 2025-12-31.

For `use_container_width=True`, use `width='stretch'`. For `use_container_width=False`, use `width='content'`.
2026-01-20 18:16:52.240 Please replace `use_container_width` with `width`.

`use_container_width` will be removed after 2025-12-31.

For `use_container_width=True`, use `width='stretch'`. For `use_container_width=False`, use `width='content'`.
/Users/haleyswanson/Desktop/haley_code/app.py:56: FutureWarning: Passing literal json to 'read_json' is deprecated and will be removed in a future version. To read from a literal string, wrap it in a 'StringIO' object.
  return pd.read_json(payload)
2026-01-26 16:39:48.445 Please replace `use_container_width` with `width`.

`use_container_width` will be removed after 2025-12-31.

For `use_container_width=True`, use `width='stretch'`. For `use_container_width=False`, use `width='content'`.
2026-01-26 16:39:53.411 Please replace `use_container_width` with `width`.

`use_container_width` will be removed after 2025-12-31.

For `use_container_width=True`, use `width='stretch'`. For `use_container_width=False`, use `width='content'`.
2026-01-26 16:39:59.819 Please replace `use_container_width` with `width`.

`use_container_width` will be removed after 2025-12-31.

For `use_container_width=True`, use `width='stretch'`. For `use_container_width=False`, use `width='content'`.
2026-01-26 16:40:04.191 Please replace `use_container_width` with `width`.

`use_container_width` will be removed after 2025-12-31.

For `use_container_width=True`, use `width='stretch'`. For `use_container_width=False`, use `width='content'`.
/Users/haleyswanson/Library/Python/3.9/lib/python/site-packages/altair/utils/core.py:264: UserWarning: I don't know how to infer vegalite type from 'empty'.  Defaulting to nominal.
  warnings.warn(
2026-01-26 16:40:08.787 Please replace `use_container_width` with `width`.

`use_container_width` will be removed after 2025-12-31.

For `use_container_width=True`, use `width='stretch'`. For `use_container_width=False`, use `width='content'`.
2026-01-26 16:40:09.527 Please replace `use_container_width` with `width`.

`use_container_width` will be removed after 2025-12-31.

For `use_container_width=True`, use `width='stretch'`. For `use_container_width=False`, use `width='content'`.
2026-01-26 16:40:10.393 Please replace `use_container_width` with `width`.

`use_container_width` will be removed after 2025-12-31.

For `use_container_width=True`, use `width='stretch'`. For `use_container_width=False`, use `width='content'`.
2026-01-26 16:40:15.174 Please replace `use_container_width` with `width`.

`use_container_width` will be removed after 2025-12-31.

For `use_container_width=True`, use `width='stretch'`. For `use_container_width=False`, use `width='content'`.
2026-01-26 16:40:17.194 Please replace `use_container_width` with `width`.

`use_container_width` will be removed after 2025-12-31.

For `use_container_width=True`, use `width='stretch'`. For `use_container_width=False`, use `width='content'`.
2026-01-26 16:40:19.674 Please replace `use_container_width` with `width`.

`use_container_width` will be removed after 2025-12-31.

For `use_container_width=True`, use `width='stretch'`. For `use_container_width=False`, use `width='content'`.
2026-01-26 16:40:21.582 Please replace `use_container_width` with `width`.

`use_container_width` will be removed after 2025-12-31.

For `use_container_width=True`, use `width='stretch'`. For `use_container_width=False`, use `width='content'`.
2026-01-26 16:40:23.247 Please replace `use_container_width` with `width`.

`use_container_width` will be removed after 2025-12-31.

For `use_container_width=True`, use `width='stretch'`. For `use_container_width=False`, use `width='content'`.
